This is pdfTeX, Version 3.141592653-2.6-1.40.22 (TeX Live 2022/dev/Debian) (preloaded format=pdflatex 2026.9.9)  11 SEP 2026 13:08
entering extended mode
 restricted \write18 enabled.
 %&-line parsing enabled.
**output/reports/TaichiDough_novelty_publication_readiness_report.tex
(./output/reports/TaichiDough_novelty_publication_readiness_report.tex
LaTeX2e <2021-11-15> patch level 1
L3 programming layer <2022-01-21>
(/usr/share/texlive/texmf-dist/tex/latex/base/article.cls
Document Class: article 2021/10/04 v1.4n Standard LaTeX document class
(/usr/share/texlive/texmf-dist/tex/latex/base/size11.clo
File: size11.clo 2021/10/04 v1.4n Standard LaTeX file (size option)
)
\c@part=\count185
\c@section=\count186
\c@subsection=\count187
\c@subsubsection=\count188
\c@paragraph=\count189
\c@subparagraph=\count190
\c@figure=\count191
\c@table=\count192
\abovecaptionskip=\skip47
\belowcaptionskip=\skip48
\bibindent=\dimen138
)
(/usr/share/texlive/texmf-dist/tex/latex/base/fontenc.sty
Package: fontenc 2021/04/29 v2.0v Standard LaTeX package
)
(/usr/share/texlive/texmf-dist/tex/latex/base/inputenc.sty
Package: inputenc 2021/02/14 v1.3d Input encoding file
\inpenc@prehook=\toks16
\inpenc@posthook=\toks17
)
(/usr/share/texlive/texmf-dist/tex/latex/geometry/geometry.sty
Package: geometry 2020/01/02 v5.9 Page Geometry

(/usr/share/texlive/texmf-dist/tex/latex/graphics/keyval.sty
Package: keyval 2014/10/28 v1.15 key=value parser (DPC)
\KV@toks@=\toks18
)
(/usr/share/texlive/texmf-dist/tex/generic/iftex/ifvtex.sty
Package: ifvtex 2019/10/25 v1.7 ifvtex legacy package. Use iftex instead.

(/usr/share/texlive/texmf-dist/tex/generic/iftex/iftex.sty
Package: iftex 2020/03/06 v1.0d TeX engine tests
))
\Gm@cnth=\count193
\Gm@cntv=\count194
\c@Gm@tempcnt=\count195
\Gm@bindingoffset=\dimen139
\Gm@wd@mp=\dimen140
\Gm@odd@mp=\dimen141
\Gm@even@mp=\dimen142
\Gm@layoutwidth=\dimen143
\Gm@layoutheight=\dimen144
\Gm@layouthoffset=\dimen145
\Gm@layoutvoffset=\dimen146
\Gm@dimlist=\toks19
)
(/usr/share/texlive/texmf-dist/tex/latex/booktabs/booktabs.sty
Package: booktabs 2020/01/12 v1.61803398 Publication quality tables
\heavyrulewidth=\dimen147
\lightrulewidth=\dimen148
\cmidrulewidth=\dimen149
\belowrulesep=\dimen150
\belowbottomsep=\dimen151
\aboverulesep=\dimen152
\abovetopsep=\dimen153
\cmidrulesep=\dimen154
\cmidrulekern=\dimen155
\defaultaddspace=\dimen156
\@cmidla=\count196
\@cmidlb=\count197
\@aboverulesep=\dimen157
\@belowrulesep=\dimen158
\@thisruleclass=\count198
\@lastruleclass=\count199
\@thisrulewidth=\dimen159
)
(/usr/share/texlive/texmf-dist/tex/latex/tools/tabularx.sty
Package: tabularx 2020/01/15 v2.11c `tabularx' package (DPC)

(/usr/share/texlive/texmf-dist/tex/latex/tools/array.sty
Package: array 2021/10/04 v2.5f Tabular extension package (FMi)
\col@sep=\dimen160
\ar@mcellbox=\box50
\extrarowheight=\dimen161
\NC@list=\toks20
\extratabsurround=\skip49
\backup@length=\skip50
\ar@cellbox=\box51
)
\TX@col@width=\dimen162
\TX@old@table=\dimen163
\TX@old@col=\dimen164
\TX@target=\dimen165
\TX@delta=\dimen166
\TX@cols=\count266
\TX@ftn=\toks21
)
(/usr/share/texlive/texmf-dist/tex/latex/tools/longtable.sty
Package: longtable 2021-09-01 v4.17 Multi-page Table package (DPC)
\LTleft=\skip51
\LTright=\skip52
\LTpre=\skip53
\LTpost=\skip54
\LTchunksize=\count267
\LTcapwidth=\dimen167
\LT@head=\box52
\LT@firsthead=\box53
\LT@foot=\box54
\LT@lastfoot=\box55
\LT@gbox=\box56
\LT@cols=\count268
\LT@rows=\count269
\c@LT@tables=\count270
\c@LT@chunks=\count271
\LT@p@ftn=\toks22
)
(/usr/share/texlive/texmf-dist/tex/latex/xcolor/xcolor.sty
Package: xcolor 2021/10/31 v2.13 LaTeX color extensions (UK)

(/usr/share/texlive/texmf-dist/tex/latex/graphics-cfg/color.cfg
File: color.cfg 2016/01/02 v1.6 sample color configuration
)
Package xcolor Info: Driver file: pdftex.def on input line 227.

(/usr/share/texlive/texmf-dist/tex/latex/graphics-def/pdftex.def
File: pdftex.def 2020/10/05 v1.2a Graphics/color driver for pdftex
)
Package xcolor Info: Model `cmy' substituted by `cmy0' on input line 1352.
Package xcolor Info: Model `hsb' substituted by `rgb' on input line 1356.
Package xcolor Info: Model `RGB' extended on input line 1368.
Package xcolor Info: Model `HTML' substituted by `rgb' on input line 1370.
Package xcolor Info: Model `Hsb' substituted by `hsb' on input line 1371.
Package xcolor Info: Model `tHsb' substituted by `hsb' on input line 1372.
Package xcolor Info: Model `HSB' substituted by `hsb' on input line 1373.
Package xcolor Info: Model `Gray' substituted by `gray' on input line 1374.
Package xcolor Info: Model `wave' substituted by `hsb' on input line 1375.

(/usr/share/texlive/texmf-dist/tex/latex/graphics/dvipsnam.def
File: dvipsnam.def 2016/06/17 v3.0m Driver-dependent file (DPC,SPQR)
))
(/usr/share/texlive/texmf-dist/tex/latex/hyperref/hyperref.sty
Package: hyperref 2021-06-07 v7.00m Hypertext links for LaTeX

(/usr/share/texlive/texmf-dist/tex/generic/ltxcmds/ltxcmds.sty
Package: ltxcmds 2020-05-10 v1.25 LaTeX kernel commands for general use (HO)
)
(/usr/share/texlive/texmf-dist/tex/generic/pdftexcmds/pdftexcmds.sty
Package: pdftexcmds 2020-06-27 v0.33 Utility functions of pdfTeX for LuaTeX (HO
)

(/usr/share/texlive/texmf-dist/tex/generic/infwarerr/infwarerr.sty
Package: infwarerr 2019/12/03 v1.5 Providing info/warning/error messages (HO)
)
Package pdftexcmds Info: \pdf@primitive is available.
Package pdftexcmds Info: \pdf@ifprimitive is available.
Package pdftexcmds Info: \pdfdraftmode found.
)
(/usr/share/texlive/texmf-dist/tex/generic/kvsetkeys/kvsetkeys.sty
Package: kvsetkeys 2019/12/15 v1.18 Key value parser (HO)
)
(/usr/share/texlive/texmf-dist/tex/generic/kvdefinekeys/kvdefinekeys.sty
Package: kvdefinekeys 2019-12-19 v1.6 Define keys (HO)
)
(/usr/share/texlive/texmf-dist/tex/generic/pdfescape/pdfescape.sty
Package: pdfescape 2019/12/09 v1.15 Implements pdfTeX's escape features (HO)
)
(/usr/share/texlive/texmf-dist/tex/latex/hycolor/hycolor.sty
Package: hycolor 2020-01-27 v1.10 Color options for hyperref/bookmark (HO)
)
(/usr/share/texlive/texmf-dist/tex/latex/letltxmacro/letltxmacro.sty
Package: letltxmacro 2019/12/03 v1.6 Let assignment for LaTeX macros (HO)
)
(/usr/share/texlive/texmf-dist/tex/latex/auxhook/auxhook.sty
Package: auxhook 2019-12-17 v1.6 Hooks for auxiliary files (HO)
)
(/usr/share/texlive/texmf-dist/tex/latex/kvoptions/kvoptions.sty
Package: kvoptions 2020-10-07 v3.14 Key value format for package options (HO)
)
\@linkdim=\dimen168
\Hy@linkcounter=\count272
\Hy@pagecounter=\count273

(/usr/share/texlive/texmf-dist/tex/latex/hyperref/pd1enc.def
File: pd1enc.def 2021-06-07 v7.00m Hyperref: PDFDocEncoding definition (HO)
Now handling font encoding PD1 ...
... no UTF-8 mapping file for font encoding PD1
)
(/usr/share/texlive/texmf-dist/tex/latex/hyperref/hyperref-langpatches.def
File: hyperref-langpatches.def 2021-06-07 v7.00m Hyperref: patches for babel la
nguages
)
(/usr/share/texlive/texmf-dist/tex/generic/intcalc/intcalc.sty
Package: intcalc 2019/12/15 v1.3 Expandable calculations with integers (HO)
)
(/usr/share/texlive/texmf-dist/tex/generic/etexcmds/etexcmds.sty
Package: etexcmds 2019/12/15 v1.7 Avoid name clashes with e-TeX commands (HO)
)
\Hy@SavedSpaceFactor=\count274

(/usr/share/texlive/texmf-dist/tex/latex/hyperref/puenc.def
File: puenc.def 2021-06-07 v7.00m Hyperref: PDF Unicode definition (HO)
Now handling font encoding PU ...
... no UTF-8 mapping file for font encoding PU
)
Package hyperref Info: Hyper figures OFF on input line 4192.
Package hyperref Info: Link nesting OFF on input line 4197.
Package hyperref Info: Hyper index ON on input line 4200.
Package hyperref Info: Plain pages OFF on input line 4207.
Package hyperref Info: Backreferencing OFF on input line 4212.
Package hyperref Info: Implicit mode ON; LaTeX internals redefined.
Package hyperref Info: Bookmarks ON on input line 4445.
\c@Hy@tempcnt=\count275

(/usr/share/texlive/texmf-dist/tex/latex/url/url.sty
\Urlmuskip=\muskip16
Package: url 2013/09/16  ver 3.4  Verb mode for urls, etc.
)
LaTeX Info: Redefining \url on input line 4804.
\XeTeXLinkMargin=\dimen169

(/usr/share/texlive/texmf-dist/tex/generic/bitset/bitset.sty
Package: bitset 2019/12/09 v1.3 Handle bit-vector datatype (HO)

(/usr/share/texlive/texmf-dist/tex/generic/bigintcalc/bigintcalc.sty
Package: bigintcalc 2019/12/15 v1.5 Expandable calculations on big integers (HO
)
))
\Fld@menulength=\count276
\Field@Width=\dimen170
\Fld@charsize=\dimen171
Package hyperref Info: Hyper figures OFF on input line 6076.
Package hyperref Info: Link nesting OFF on input line 6081.
Package hyperref Info: Hyper index ON on input line 6084.
Package hyperref Info: backreferencing OFF on input line 6091.
Package hyperref Info: Link coloring OFF on input line 6096.
Package hyperref Info: Link coloring with OCG OFF on input line 6101.
Package hyperref Info: PDF/A mode OFF on input line 6106.
LaTeX Info: Redefining \ref on input line 6146.
LaTeX Info: Redefining \pageref on input line 6150.

(/usr/share/texlive/texmf-dist/tex/latex/base/atbegshi-ltx.sty
Package: atbegshi-ltx 2021/01/10 v1.0c Emulation of the original atbegshi
package with kernel methods
)
\Hy@abspage=\count277
\c@Item=\count278
\c@Hfootnote=\count279
)
Package hyperref Info: Driver (autodetected): hpdftex.

(/usr/share/texlive/texmf-dist/tex/latex/hyperref/hpdftex.def
File: hpdftex.def 2021-06-07 v7.00m Hyperref driver for pdfTeX

(/usr/share/texlive/texmf-dist/tex/latex/base/atveryend-ltx.sty
Package: atveryend-ltx 2020/08/19 v1.0a Emulation of the original atveryend pac
kage
with kernel methods
)
\Fld@listcount=\count280
\c@bookmark@seq@number=\count281

(/usr/share/texlive/texmf-dist/tex/latex/rerunfilecheck/rerunfilecheck.sty
Package: rerunfilecheck 2019/12/05 v1.9 Rerun checks for auxiliary files (HO)

(/usr/share/texlive/texmf-dist/tex/generic/uniquecounter/uniquecounter.sty
Package: uniquecounter 2019/12/15 v1.4 Provide unlimited unique counter (HO)
)
Package uniquecounter Info: New unique counter `rerunfilecheck' on input line 2
86.
)
\Hy@SectionHShift=\skip55
)
(/usr/share/texlive/texmf-dist/tex/latex/enumitem/enumitem.sty
Package: enumitem 2019/06/20 v3.9 Customized lists
\labelindent=\skip56
\enit@outerparindent=\dimen172
\enit@toks=\toks23
\enit@inbox=\box57
\enit@count@id=\count282
\enitdp@description=\count283
)
(/usr/share/texlive/texmf-dist/tex/latex/fancyhdr/fancyhdr.sty
Package: fancyhdr 2021/01/28 v4.0.1 Extensive control of page headers and foote
rs
\f@nch@headwidth=\skip57
\f@nch@O@elh=\skip58
\f@nch@O@erh=\skip59
\f@nch@O@olh=\skip60
\f@nch@O@orh=\skip61
\f@nch@O@elf=\skip62
\f@nch@O@erf=\skip63
\f@nch@O@olf=\skip64
\f@nch@O@orf=\skip65
)
(/usr/share/texlive/texmf-dist/tex/latex/graphics/graphicx.sty
Package: graphicx 2021/09/16 v1.2d Enhanced LaTeX Graphics (DPC,SPQR)

(/usr/share/texlive/texmf-dist/tex/latex/graphics/graphics.sty
Package: graphics 2021/03/04 v1.4d Standard LaTeX Graphics (DPC,SPQR)

(/usr/share/texlive/texmf-dist/tex/latex/graphics/trig.sty
Package: trig 2021/08/11 v1.11 sin cos tan (DPC)
)
(/usr/share/texlive/texmf-dist/tex/latex/graphics-cfg/graphics.cfg
File: graphics.cfg 2016/06/04 v1.11 sample graphics configuration
)
Package graphics Info: Driver file: pdftex.def on input line 107.
)
\Gin@req@height=\dimen173
\Gin@req@width=\dimen174
)
Package hyperref Info: Option `colorlinks' set `true' on input line 14.

(/usr/share/texlive/texmf-dist/tex/latex/l3backend/l3backend-pdftex.def
File: l3backend-pdftex.def 2022-01-12 L3 backend support: PDF output (pdfTeX)
\l__color_backend_stack_int=\count284
\l__pdf_internal_box=\box58
)
(output/reports/TaichiDough_novelty_publication_readiness_report.aux)
\openout1 = `TaichiDough_novelty_publication_readiness_report.aux'.

LaTeX Font Info:    Checking defaults for OML/cmm/m/it on input line 28.
LaTeX Font Info:    ... okay on input line 28.
LaTeX Font Info:    Checking defaults for OMS/cmsy/m/n on input line 28.
LaTeX Font Info:    ... okay on input line 28.
LaTeX Font Info:    Checking defaults for OT1/cmr/m/n on input line 28.
LaTeX Font Info:    ... okay on input line 28.
LaTeX Font Info:    Checking defaults for T1/cmr/m/n on input line 28.
LaTeX Font Info:    ... okay on input line 28.
LaTeX Font Info:    Checking defaults for TS1/cmr/m/n on input line 28.
LaTeX Font Info:    ... okay on input line 28.
LaTeX Font Info:    Checking defaults for OMX/cmex/m/n on input line 28.
LaTeX Font Info:    ... okay on input line 28.
LaTeX Font Info:    Checking defaults for U/cmr/m/n on input line 28.
LaTeX Font Info:    ... okay on input line 28.
LaTeX Font Info:    Checking defaults for PD1/pdf/m/n on input line 28.
LaTeX Font Info:    ... okay on input line 28.
LaTeX Font Info:    Checking defaults for PU/pdf/m/n on input line 28.
LaTeX Font Info:    ... okay on input line 28.

*geometry* driver: auto-detecting
*geometry* detected driver: pdftex
*geometry* verbose mode - [ preamble ] result:
* driver: pdftex
* paper: <default>
* layout: <same size as paper>
* layoutoffset:(h,v)=(0.0pt,0.0pt)
* modes: 
* h-part:(L,W,R)=(59.26192pt, 495.77116pt, 59.26192pt)
* v-part:(T,H,B)=(59.26192pt, 676.44615pt, 59.26192pt)
* \paperwidth=614.295pt
* \paperheight=794.96999pt
* \textwidth=495.77116pt
* \textheight=676.44615pt
* \oddsidemargin=-13.00807pt
* \evensidemargin=-13.00807pt
* \topmargin=-50.00807pt
* \headheight=12.0pt
* \headsep=25.0pt
* \topskip=11.0pt
* \footskip=30.0pt
* \marginparwidth=59.0pt
* \marginparsep=10.0pt
* \columnsep=10.0pt
* \skip\footins=10.0pt plus 4.0pt minus 2.0pt
* \hoffset=0.0pt
* \voffset=0.0pt
* \mag=1000
* \@twocolumnfalse
* \@twosidefalse
* \@mparswitchfalse
* \@reversemarginfalse
* (1in=72.27pt=25.4mm, 1cm=28.453pt)

(/usr/share/texlive/texmf-dist/tex/context/base/mkii/supp-pdf.mkii
[Loading MPS to PDF converter (version 2006.09.02).]
\scratchcounter=\count285
\scratchdimen=\dimen175
\scratchbox=\box59
\nofMPsegments=\count286
\nofMParguments=\count287
\everyMPshowfont=\toks24
\MPscratchCnt=\count288
\MPscratchDim=\dimen176
\MPnumerator=\count289
\makeMPintoPDFobject=\count290
\everyMPtoPDFconversion=\toks25
) (/usr/share/texlive/texmf-dist/tex/latex/epstopdf-pkg/epstopdf-base.sty
Package: epstopdf-base 2020-01-24 v2.11 Base part for package epstopdf
Package epstopdf-base Info: Redefining graphics rule for `.eps' on input line 4
85.

(/usr/share/texlive/texmf-dist/tex/latex/latexconfig/epstopdf-sys.cfg
File: epstopdf-sys.cfg 2010/07/13 v1.3 Configuration of (r)epstopdf for TeX Liv
e
))
Package hyperref Info: Link coloring ON on input line 28.

(/usr/share/texlive/texmf-dist/tex/latex/hyperref/nameref.sty
Package: nameref 2021-04-02 v2.47 Cross-referencing by name of section

(/usr/share/texlive/texmf-dist/tex/latex/refcount/refcount.sty
Package: refcount 2019/12/15 v3.6 Data extraction from label references (HO)
)
(/usr/share/texlive/texmf-dist/tex/generic/gettitlestring/gettitlestring.sty
Package: gettitlestring 2019/12/15 v1.6 Cleanup title references (HO)
)
\c@section@level=\count291
)
LaTeX Info: Redefining \ref on input line 28.
LaTeX Info: Redefining \pageref on input line 28.
LaTeX Info: Redefining \nameref on input line 28.

(output/reports/TaichiDough_novelty_publication_readiness_report.out)
(output/reports/TaichiDough_novelty_publication_readiness_report.out)
\@outlinefile=\write3
\openout3 = `TaichiDough_novelty_publication_readiness_report.out'.

LaTeX Font Info:    External font `cmex10' loaded for size
(Font)              <10.95> on input line 33.
LaTeX Font Info:    External font `cmex10' loaded for size
(Font)              <8> on input line 33.
LaTeX Font Info:    External font `cmex10' loaded for size
(Font)              <6> on input line 33.
LaTeX Font Info:    Trying to load font information for T1+cmtt on input line 5
1.

(/usr/share/texlive/texmf-dist/tex/latex/base/t1cmtt.fd
File: t1cmtt.fd 2019/12/16 v2.5j Standard LaTeX font definitions
)

Package fancyhdr Warning: \headheight is too small (12.0pt): 
(fancyhdr)                Make it at least 13.59999pt, for example:
(fancyhdr)                \setlength{\headheight}{13.59999pt}.
(fancyhdr)                You might also make \topmargin smaller to compensate:

(fancyhdr)                \addtolength{\topmargin}{-1.59999pt}.

[1{/var/lib/texmf/fonts/map/pdftex/updmap/pdftex.map}

]

Package fancyhdr Warning: \headheight is too small (12.0pt): 
(fancyhdr)                Make it at least 13.59999pt, for example:
(fancyhdr)                \setlength{\headheight}{13.59999pt}.
(fancyhdr)                You might also make \topmargin smaller to compensate:

(fancyhdr)                \addtolength{\topmargin}{-1.59999pt}.

[2]
Underfull \hbox (badness 1596) in paragraph at lines 79--79
[]|\T1/cmr/bx/n/10.95 Method and ob-
 []


Underfull \hbox (badness 1888) in paragraph at lines 79--80
[]|\T1/cmr/bx/n/10.95 Implication for Taichi-
 []


Overfull \hbox (13.29991pt too wide) in alignment at lines 76--81
 [] [] [] [] 
 []


Underfull \hbox (badness 1596) in paragraph at lines 83--83
[]|\T1/cmr/bx/n/10.95 Method and ob-
 []


Underfull \hbox (badness 1888) in paragraph at lines 83--84
[]|\T1/cmr/bx/n/10.95 Implication for Taichi-
 []


Overfull \hbox (13.29991pt too wide) in alignment at lines 81--85
 [] [] [] [] 
 []


Underfull \hbox (badness 1184) in paragraph at lines 86--86
[]|\T1/cmr/m/n/10.95 Hu et al., Chain-
 []


Underfull \hbox (badness 2213) in paragraph at lines 86--86
[]|\T1/cmr/m/n/10.95 Differentiable MLS-
 []


Underfull \hbox (badness 2384) in paragraph at lines 86--86
\T1/cmr/m/n/10.95 the later work in-
 []


Underfull \hbox (badness 10000) in paragraph at lines 86--86
\T1/cmr/m/n/10.95 cludes state-based
 []


Underfull \hbox (badness 10000) in paragraph at lines 86--86
\T1/cmr/m/n/10.95 for ho-mo-ge-neous
 []


Underfull \hbox (badness 10000) in paragraph at lines 86--86
[]|\T1/cmr/m/n/10.95 Differentiable MPM and
 []


Underfull \hbox (badness 4454) in paragraph at lines 86--86
\T1/cmr/m/n/10.95 MPM-based sys-tem iden-
 []


Underfull \hbox (badness 6461) in paragraph at lines 86--86
\T1/cmr/m/n/10.95 ti-fi-ca-tion are es-tab-lished.
 []


Underfull \hbox (badness 10000) in paragraph at lines 86--86
\T1/cmr/m/n/10.95 [2] uses trajectory-state
 []


Underfull \hbox (badness 10000) in paragraph at lines 86--86
\T1/cmr/m/n/10.95 in-clud-ing omit-ted vis-
 []


Underfull \hbox (badness 1158) in paragraph at lines 86--87
\T1/cmr/m/n/10.95 ac-cel-er-a-tion, or pa-ram-e-ter
 []


Underfull \hbox (badness 2213) in paragraph at lines 88--88
[]|\T1/cmr/m/n/10.95 Differentiable MLS-
 []


Underfull \hbox (badness 5504) in paragraph at lines 88--88
\T1/cmr/m/n/10.95 robot ma-nip-u-la-tion
 []


Underfull \hbox (badness 1629) in paragraph at lines 88--88
[]|\T1/cmr/m/n/10.95 Directly fits elas-tic, plas-
 []


Underfull \hbox (badness 1728) in paragraph at lines 88--88
\T1/cmr/m/n/10.95 tic, den-sity, and friction-
 []


Underfull \hbox (badness 10000) in paragraph at lines 88--89
[]|\T1/cmr/m/n/10.95 TaichiDough can-not
 []


Underfull \hbox (badness 10000) in paragraph at lines 88--89
\T1/cmr/m/n/10.95 claim the first MPM-
 []


Underfull \hbox (badness 10000) in paragraph at lines 88--89
\T1/cmr/m/n/10.95 based vi-sual cal-i-bra-tion
 []


Underfull \hbox (badness 10000) in paragraph at lines 88--89
\T1/cmr/m/n/10.95 of dough/plasticine-like
 []


Underfull \hbox (badness 1748) in paragraph at lines 88--89
\T1/cmr/m/n/10.95 ma-te-rial or the first real
 []


Underfull \hbox (badness 10000) in paragraph at lines 88--89
\T1/cmr/m/n/10.95 it-self ex-per-i-men-tally or
 []


Underfull \hbox (badness 6758) in paragraph at lines 90--90
[]|\T1/cmr/m/n/10.95 Li et al., PAC-
 []


Underfull \hbox (badness 10000) in paragraph at lines 90--90
[]|\T1/cmr/m/n/10.95 Vision-based phys-
 []


Underfull \hbox (badness 10000) in paragraph at lines 90--90
\T1/cmr/m/n/10.95 i-cal re-con-struc-
 []


Underfull \hbox (badness 10000) in paragraph at lines 90--90
\T1/cmr/m/n/10.95 tion/digital twins
 []


Underfull \hbox (badness 10000) in paragraph at lines 90--90
\T1/cmr/m/n/10.95 us-ing dif-fer-en-tiable
 []


Underfull \hbox (badness 10000) in paragraph at lines 90--90
\T1/cmr/m/n/10.95 con-tin-uum sim-u-
 []


Underfull \hbox (badness 10000) in paragraph at lines 90--90
\T1/cmr/m/n/10.95 la-tion, Gaus-sians,
 []


Underfull \hbox (badness 10000) in paragraph at lines 90--90
\T1/cmr/m/n/10.95 or dif-fer-en-tiable
 []


Underfull \hbox (badness 3623) in paragraph at lines 90--91
[]|\T1/cmr/m/n/10.95 RGB-D/point-cloud re-con-
 []


Underfull \hbox (badness 7667) in paragraph at lines 90--91
\T1/cmr/m/n/10.95 struc-tion plus sim-u-la-tion
 []


Underfull \hbox (badness 10000) in paragraph at lines 92--92
[]|\T1/cmr/m/n/10.95 Differentiable con-
 []


Underfull \hbox (badness 1622) in paragraph at lines 92--92
\T1/cmr/m/n/10.95 tin-uum MPM with
 []


Underfull \hbox (badness 10000) in paragraph at lines 92--92
\T1/cmr/m/n/10.95 forecast-based con-
 []


Underfull \hbox (badness 5203) in paragraph at lines 92--92
\T1/cmr/m/n/10.95 rigid-body / cloth
 []


Underfull \hbox (badness 10000) in paragraph at lines 92--92
[]|\T1/cmr/m/n/10.95 Contact-aware con-tin-uum
 []


Underfull \hbox (badness 2150) in paragraph at lines 92--92
\T1/cmr/m/n/10.95 sim-u-la-tion and tool/robot
 []


Underfull \hbox (badness 10000) in paragraph at lines 94--94
[]|\T1/cmr/m/n/10.95 Differentiable pro-
 []


Underfull \hbox (badness 10000) in paragraph at lines 94--94
\T1/cmr/m/n/10.95 jec-tive dy-nam-ics
 []


Underfull \hbox (badness 10000) in paragraph at lines 94--94
\T1/cmr/m/n/10.95 with Signorini--
 []


Underfull \hbox (badness 5939) in paragraph at lines 94--94
\T1/cmr/m/n/10.95 Coulomb dry fric-
 []


Underfull \hbox (badness 2635) in paragraph at lines 94--94
\T1/cmr/m/n/10.95 en-tia-bil-ity re-quire an ex-
 []


Underfull \hbox (badness 2828) in paragraph at lines 94--94
\T1/cmr/m/n/10.95 plicit math-e-mat-i-cal treat-
 []


Underfull \hbox (badness 2608) in paragraph at lines 94--95
\T1/cmr/m/n/10.95 ve-loc-ity up-date ``Coulomb
 []


Underfull \hbox (badness 2165) in paragraph at lines 94--95
\T1/cmr/m/n/10.95 or ap-prox-i-mates a stated
 []


Underfull \hbox (badness 10000) in paragraph at lines 96--96
[]|\T1/cmr/m/n/10.95 Shi et al.,
 []


Underfull \hbox (badness 10000) in paragraph at lines 96--96
\T1/cmr/m/n/10.95 RoboCraft [10]
 []


Underfull \hbox (badness 2894) in paragraph at lines 96--96
\T1/cmr/m/n/10.95 la-tion of Play-Doh
 []


Underfull \hbox (badness 1789) in paragraph at lines 96--96
\T1/cmr/m/n/10.95 / elasto-plastic ob-
 []


Underfull \hbox (badness 10000) in paragraph at lines 96--96
\T1/cmr/m/n/10.95 multi-view vi-sual
 []


Underfull \hbox (badness 10000) in paragraph at lines 98--98
[]|\T1/cmr/m/n/10.95 Yao and Hauser
 []


Underfull \hbox (badness 10000) in paragraph at lines 98--98
\T1/cmr/m/n/10.95 [12], Si et al.,
 []


Underfull \hbox (badness 10000) in paragraph at lines 98--98
\T1/cmr/m/n/10.95 DIFF-Tac-tile [13],
 []


Underfull \hbox (badness 10000) in paragraph at lines 98--98
\T1/cmr/m/n/10.95 Boon-vi-sut and
 []


Underfull \hbox (badness 10000) in paragraph at lines 98--98
[]|\T1/cmr/m/n/10.95 Online stiff-ness
 []


Underfull \hbox (badness 10000) in paragraph at lines 98--98
\T1/cmr/m/n/10.95 tile/visual sig-nals;
 []


Underfull \hbox (badness 1210) in paragraph at lines 98--98
\T1/cmr/m/n/10.95 tac-tile dif-fer-en-tiable
 []


Underfull \hbox (badness 10000) in paragraph at lines 98--98
\T1/cmr/m/n/10.95 physics; clas-si-cal
 []


Underfull \hbox (badness 10000) in paragraph at lines 98--98
[]|\T1/cmr/m/n/10.95 Parameter iden-ti-fi-ca-tion
 []


Underfull \hbox (badness 3407) in paragraph at lines 98--98
\T1/cmr/m/n/10.95 should be as-sessed us-ing
 []


Overfull \hbox (13.29991pt too wide) in alignment at lines 85--100
 [] [] [] [] 
 []


Package fancyhdr Warning: \headheight is too small (12.0pt): 
(fancyhdr)                Make it at least 13.59999pt, for example:
(fancyhdr)                \setlength{\headheight}{13.59999pt}.
(fancyhdr)                You might also make \topmargin smaller to compensate:

(fancyhdr)                \addtolength{\topmargin}{-1.59999pt}.

[3]
Underfull \hbox (badness 10000) in paragraph at lines 116--116
[]|\T1/cmr/m/n/10.95 New con-tin-uum me-
 []


Underfull \hbox (badness 2005) in paragraph at lines 116--116
[]|\T1/cmr/m/n/10.95 Closed-solid SDF tool
 []


Underfull \hbox (badness 10000) in paragraph at lines 116--116
[]|\T1/cmr/m/n/10.95 Differentiable in-verse
 []


Package fancyhdr Warning: \headheight is too small (12.0pt): 
(fancyhdr)                Make it at least 13.59999pt, for example:
(fancyhdr)                \setlength{\headheight}{13.59999pt}.
(fancyhdr)                You might also make \topmargin smaller to compensate:

(fancyhdr)                \addtolength{\topmargin}{-1.59999pt}.

[4]

Package fancyhdr Warning: \headheight is too small (12.0pt): 
(fancyhdr)                Make it at least 13.59999pt, for example:
(fancyhdr)                \setlength{\headheight}{13.59999pt}.
(fancyhdr)                You might also make \topmargin smaller to compensate:

(fancyhdr)                \addtolength{\topmargin}{-1.59999pt}.

[5]
Overfull \hbox (6.52115pt too wide) in paragraph at lines 140--141
\T1/cmr/m/n/10.95 docode for nor-mal re-sponse, tan-gen-tial re-sponse, tool ve
-loc-ity cou-pling, padding, resti-tu-tion/absorption,
 []


Package fancyhdr Warning: \headheight is too small (12.0pt): 
(fancyhdr)                Make it at least 13.59999pt, for example:
(fancyhdr)                \setlength{\headheight}{13.59999pt}.
(fancyhdr)                You might also make \topmargin smaller to compensate:

(fancyhdr)                \addtolength{\topmargin}{-1.59999pt}.

[6]

Package fancyhdr Warning: \headheight is too small (12.0pt): 
(fancyhdr)                Make it at least 13.59999pt, for example:
(fancyhdr)                \setlength{\headheight}{13.59999pt}.
(fancyhdr)                You might also make \topmargin smaller to compensate:

(fancyhdr)                \addtolength{\topmargin}{-1.59999pt}.

[7]
Underfull \hbox (badness 10000) in paragraph at lines 185--185
[]|\T1/cmr/m/n/10.95 Research soft-ware pa-per
 []


Underfull \hbox (badness 10000) in paragraph at lines 185--185
\T1/cmr/m/n/10.95 (JOSS, SoftwareX-type
 []


Package fancyhdr Warning: \headheight is too small (12.0pt): 
(fancyhdr)                Make it at least 13.59999pt, for example:
(fancyhdr)                \setlength{\headheight}{13.59999pt}.
(fancyhdr)                You might also make \topmargin smaller to compensate:

(fancyhdr)                \addtolength{\topmargin}{-1.59999pt}.

[8]

Package fancyhdr Warning: \headheight is too small (12.0pt): 
(fancyhdr)                Make it at least 13.59999pt, for example:
(fancyhdr)                \setlength{\headheight}{13.59999pt}.
(fancyhdr)                You might also make \topmargin smaller to compensate:

(fancyhdr)                \addtolength{\topmargin}{-1.59999pt}.

[9]
LaTeX Font Info:    External font `cmex10' loaded for size
(Font)              <7> on input line 217.
LaTeX Font Info:    External font `cmex10' loaded for size
(Font)              <5> on input line 217.

Overfull \hbox (14.60776pt too wide) in paragraph at lines 220--221
\T1/cmr/m/it/10 Agnostic Sys-tem Iden-ti-fi-ca-tion\T1/cmr/m/n/10 . ICLR, 2023.
 Pri-mary record: [][]$\T1/cmtt/m/n/10 https : / / openreview . net / forum ? i
d = tVkrbkz42vc$[][]\T1/cmr/m/n/10 . 
 []


Overfull \hbox (10.89418pt too wide) in paragraph at lines 221--222
\T1/cmr/m/it/10 tion\T1/cmr/m/n/10 . NeurIPS, 2024. DOI: [][]$\T1/cmtt/m/n/10 h
ttps : / / doi . org / 10 . 52202 / 079017-[]2388$[][]\T1/cmr/m/n/10 . Pri-mary
 record: [][]$\T1/cmtt/m/n/10 https : / / proceedings .
 []


Overfull \hbox (4.10706pt too wide) in paragraph at lines 221--222
\T1/cmtt/m/n/10 neurips . cc / paper _ files / paper / 2024 / hash / 89379d5fc6
eb34ff98488202fb52b9d0-[]Abstract-[]Conference .
 []


Package fancyhdr Warning: \headheight is too small (12.0pt): 
(fancyhdr)                Make it at least 13.59999pt, for example:
(fancyhdr)                \setlength{\headheight}{13.59999pt}.
(fancyhdr)                You might also make \topmargin smaller to compensate:

(fancyhdr)                \addtolength{\topmargin}{-1.59999pt}.

[10]

Package fancyhdr Warning: \headheight is too small (12.0pt): 
(fancyhdr)                Make it at least 13.59999pt, for example:
(fancyhdr)                \setlength{\headheight}{13.59999pt}.
(fancyhdr)                You might also make \topmargin smaller to compensate:

(fancyhdr)                \addtolength{\topmargin}{-1.59999pt}.

[11] (output/reports/TaichiDough_novelty_publication_readiness_report.aux)
Package rerunfilecheck Info: File `TaichiDough_novelty_publication_readiness_re
port.out' has not changed.
(rerunfilecheck)             Checksum: 2EEAA776C13C88AA3BE58693D5A55597;2205.
 ) 
Here is how much of TeX's memory you used:
 10299 strings out of 480247
 160579 string characters out of 5896152
 476151 words of memory out of 5000000
 28048 multiletter control sequences out of 15000+600000
 482735 words of font info for 53 fonts, out of 8000000 for 9000
 14 hyphenation exceptions out of 8191
 60i,11n,63p,855b,475s stack positions out of 5000i,500n,10000p,200000b,80000s
 </home/antonio/.texlive2021/texmf-var/fonts/pk/ljfour/jknappen/ec/ecrm0900.6
00pk> </home/antonio/.texlive2021/texmf-var/fonts/pk/ljfour/jknappen/ec/ecti090
0.600pk> </home/antonio/.texlive2021/texmf-var/fonts/pk/ljfour/jknappen/ec/ectt
1000.600pk> </home/antonio/.texlive2021/texmf-var/fonts/pk/ljfour/jknappen/ec/e
cti1000.600pk> </home/antonio/.texlive2021/texmf-var/fonts/pk/ljfour/jknappen/e
c/ecrm1000.600pk> </home/antonio/.texlive2021/texmf-var/fonts/pk/ljfour/jknappe
n/ec/ecbx1200.600pk> </home/antonio/.texlive2021/texmf-var/fonts/pk/ljfour/jkna
ppen/ec/ectt1095.600pk> </home/antonio/.texlive2021/texmf-var/fonts/pk/ljfour/j
knappen/ec/tcrm1095.600pk> </home/antonio/.texlive2021/texmf-var/fonts/pk/ljfou
r/jknappen/ec/ecbx1440.600pk> </home/antonio/.texlive2021/texmf-var/fonts/pk/lj
four/jknappen/ec/ecti1095.600pk> </home/antonio/.texlive2021/texmf-var/fonts/pk
/ljfour/jknappen/ec/ecbx1095.600pk> </home/antonio/.texlive2021/texmf-var/fonts
/pk/ljfour/jknappen/ec/ecrm1200.600pk> </home/antonio/.texlive2021/texmf-var/fo
nts/pk/ljfour/jknappen/ec/ecbx1728.600pk> </home/antonio/.texlive2021/texmf-var
/fonts/pk/ljfour/jknappen/ec/ecrm1095.600pk></usr/share/texlive/texmf-dist/font
s/type1/public/amsfonts/cm/cmmi10.pfb></usr/share/texlive/texmf-dist/fonts/type
1/public/amsfonts/cm/cmr10.pfb>
Output written on output/reports/TaichiDough_novelty_publication_readiness_repo
rt.pdf (11 pages, 208603 bytes).
PDF statistics:
 768 PDF objects out of 1000 (max. 8388607)
 239 compressed objects within 3 object streams
 65 named destinations out of 1000 (max. 500000)
 73 words of extra memory for PDF output out of 10000 (max. 10000000)

